周排行::https://ahmog.com/top/7/
月排行::https://ahmog.com/top/30/
禁断::https://ahmog.com/tag/incest/searchPage/
熟妇::https://ahmog.com/tag/milf/searchPage/
母辈::https://ahmog.com/tag/mother/searchPage/
姐妹::https://ahmog.com/tag/sister/searchPage/
老师::https://ahmog.com/tag/teacher/searchPage/
强奸::https://ahmog.com/tag/rape/searchPage/
巨乳::https://ahmog.com/tag/bigbreasts/searchPage/
口交::https://ahmog.com/tag/blowjob/searchPage/
出轨::https://ahmog.com/tag/cheating/searchPage/
气质::https://ahmog.com/tag/glasses/searchPage/
百合::https://ahmog.com/tag/femalesonly/searchPage/
内衣::https://ahmog.com/tag/lingerie/searchPage/
痴汉::https://ahmog.com/tag/chikan/searchPage/
同人誌::https://ahmog.com/tag/doujinshi/searchPage/
bigass::https://ahmog.com/tag/bigass/searchPage/
bloomers::https://ahmog.com/tag/bloomers/searchPage/
collar::https://ahmog.com/tag/collar/searchPage/
corset::https://ahmog.com/tag/corset/searchPage/
deepthroat::https://ahmog.com/tag/deepthroat/searchPage/
dilf::https://ahmog.com/tag/dilf/searchPage/
elf::https://ahmog.com/tag/elf/searchPage/
group::https://ahmog.com/tag/group/searchPage/
hairy::https://ahmog.com/tag/hairy/searchPage/
impregnation::https://ahmog.com/tag/impregnation/searchPage/
insect::https://ahmog.com/tag/insect/searchPage/
inseki::https://ahmog.com/tag/inseki/searchPage/
lowlolicon::https://ahmog.com/tag/lowlolicon/searchPage/
masturbation::https://ahmog.com/tag/masturbation/searchPage/
mindbreak::https://ahmog.com/tag/mindbreak/searchPage/
mindcontrol::https://ahmog.com/tag/mindcontrol/searchPage/
oldman::https://ahmog.com/tag/oldman/searchPage/
pantyhose::https://ahmog.com/tag/pantyhose/searchPage/
shotacon::https://ahmog.com/tag/shotacon/searchPage/
slime::https://ahmog.com/tag/slime/searchPage/
solefemale::https://ahmog.com/tag/solefemale/searchPage/
solemale::https://ahmog.com/tag/solemale/searchPage/
stockings::https://ahmog.com/tag/stockings/searchPage/
tallman::https://ahmog.com/tag/tallman/searchPage/
